[www.growoyun.com/index.html]
[backblue.gif]
[fade.gif]
[index.html]
[www.growoyun.com/Scripts/angular-i18n/angular-locale_tr-trd4f6.js]
[www.growoyun.com/Assets/public.mindee2.js]
[www.growoyun.com/Assets/public.mindee2.css]
[www.growoyun.com/Themes/Growoyun/Assets/Growoyun.min473c.css]
[cdnjs.cloudflare.com/ajax/libs/animate.css/3.7.0/animate.min.css]
[cdnjs.cloudflare.com/ajax/libs/font-awesome/5.15.1/css/all.min.css]
[cdnjs.cloudflare.com/ajax/libs/font-awesome/5.15.1/css/v4-shims.min.css]
[cdnjs.cloudflare.com/ajax/libs/owl-carousel/1.3.3/owl.carousel.css]
[cdnjs.cloudflare.com/ajax/libs/owl-carousel/1.3.3/owl.theme.css]
[cdn.playanka.com/saiaqokz/Media/Uploaded/design/icon-search.png]
[cdn.playanka.com/hvsxxiey/Media/Uploaded/gamdetailv2-images/system-req.png]
[www.growoyun.com/themes/growoyun/content/images/logo.webp]
[www.growoyun.com/themes/growoyun/content/images/icon-user.svg]
[www.growoyun.com/themes/growoyun/content/images/icon-cart.svg]
[www.growoyun.com/registerfca9.html]
[cdn3.iconfinder.com/data/icons/email-133/32/7068706.png]
[maxcdn.bootstrapcdn.com/font-awesome/4.3.0/css/font-awesome.min.css]
[www.growoyun.com/games.html]
[www.growoyun.com/ozel-firsatlar.html]
[www.growoyun.com/ilanlar.html]
[www.growoyun.com/steam.html]
[www.growoyun.com/growtopia.html]
[www.growoyun.com/razer-gold.html]
[www.growoyun.com/pubg-mobile.html]
[www.growoyun.com/valorant.html]
[www.growoyun.com/league-of-legends.html]
[www.growoyun.com/mobile-legends.html]
[www.growoyun.com/zulaoyun.html]
[www.growoyun.com/metin-2-2.html]
[www.growoyun.com/knight-online.html]
[www.growoyun.com/abonelik-hesaplar.html]
[www.growoyun.com/google-play.html]
[www.growoyun.com/legends-of-runeterra.html]
[www.growoyun.com/point-blank.html]
[www.growoyun.com/woltfteam.html]
[www.growoyun.com/apex-legends.html]
[cdn.playanka.com/hvsxxiey/Media/Uploaded/megamenu-images/ozelfirsatlar.png]
[www.growoyun.com/diamond-lock.html]
[cdn.playanka.com/hvsxxiey/Media/Uploaded/megamenu-images/diamonlock.png]
[www.growoyun.com/growtopia-hesap.html]
[cdn.playanka.com/hvsxxiey/Media/Uploaded/megamenu-images/hesap.png]
[www.growoyun.com/growtopia-itemler.html]
[cdn.playanka.com/hvsxxiey/Media/Uploaded/megamenu-images/item.png]
[www.growoyun.com/growtopia-world-lock.html]
[cdn.playanka.com/hvsxxiey/Media/Uploaded/megamenu-images/worldlock.png]
[www.growoyun.com/growtopia-growturk.html]
[www.growoyun.com/growturk-yetki.html]
[www.growoyun.com/growturk-itemler.html]
[www.growoyun.com/steam-steam-tl-cuzdan-kodu.html]
[cdn.playanka.com/hvsxxiey/Media/Uploaded/megamenu-images/steeamwallet.png]
[www.growoyun.com/steam-random-key-2.html]
[cdn.playanka.com/hvsxxiey/Media/Uploaded/megamenu-images/steamrandomkey.png]
[www.growoyun.com/destekle.html]
[www.growoyun.com/payment-methods.html]
[www.growoyun.com/oyun-hesaplari.html]
[cdn.playanka.com/hvsxxiey/Media/Uploaded/oyunhesapları (1).png]
[cdn.playanka.com/hvsxxiey/Media/Uploaded/gt.png]
[cdn.playanka.com/hvsxxiey/Media/Uploaded/pubg.png]
[www.growoyun.com/oyun-hesaplari-discord-nitro.html]
[cdn.playanka.com/hvsxxiey/Media/Uploaded/nitrı.png]
[cdn.playanka.com/hvsxxiey/Media/Uploaded/vlr.png]
[www.growoyun.com/oyun-hesaplari-minecraft-premium-hesap.html]
[cdn.playanka.com/hvsxxiey/Media/Uploaded/mc kopya.png]
[cdn.playanka.com/hvsxxiey/Media/Uploaded/gturk (1).png]
[i.hizliresim.com/s9jj4kh.jpg]
[cdn.playanka.com/hvsxxiey/Media/Uploaded/oyun/elz7xus kopya.png]
[www.growoyun.com/oyun-hesaplari-valorant-random-hesaplari.html]
[cdn.playanka.com/hvsxxiey/Media/Uploaded/valorandom kopya (1).png]
[cdn.playanka.com/hvsxxiey/Media/Uploaded/oyun/1.png]
[cdn.playanka.com/hvsxxiey/Media/Uploaded/oyun/2.png]
[cdn.playanka.com/hvsxxiey/Media/Uploaded/valo mini kopya (2).png]
[www.growoyun.com/themes/growoyun/content/images/banner-list/theme_banner_image_19.png]
[www.growoyun.com/themes/growoyun/content/images/icon-game-2.svg]
[www.growoyun.com/themes/growoyun/content/images/icon-site-arrow.svg]
[www.growoyun.com/themes/growoyun/content/images/showcase-shopping-cart.svg]
[www.growoyun.com/themes/growoyun/content/images/theme_banner_image_20.png]
[www.growoyun.com/themes/growoyun/content/images/theme_banner_image_21.png]
[www.growoyun.com/themes/growoyun/content/images/theme_banner_image_22.png]
[www.growoyun.com/themes/growoyun/content/images/icon-blog.svg]
[www.growoyun.com/haberler.html]
[www.growoyun.com/growtopia-diamond-lock-satin-alma.html]
[www.growoyun.com/growoyunda-ilan-vermek.html]
[www.growoyun.com/valorant-alinan-silah-skini-iadesi-nasil-yapilir.html]
[www.growoyun.com/themes/growoyun/content/images/shopping_banner_image_1.webp]
[www.growoyun.com/themes/growoyun/content/images/shopping_banner_image_2.webp]
[www.growoyun.com/themes/growoyun/content/images/shopping_banner_image_3.webp]
[www.growoyun.com/themes/growoyun/content/images/shopping_banner_image_4.webp]
[www.growoyun.com/cart.html]
[www.growoyun.com/signalr/hubs]
[connect.facebook.net/tr_TR/sdk.js]
[www.growoyun.com/hakkimizda.html]
[www.growoyun.com/kariyer.html]
[www.growoyun.com/iletisim.html]
[www.growoyun.com/registerffc9.html]
[www.growoyun.com/satis-sozlesmesi.html]
[www.growoyun.com/kisisel-veriler-politikasi.html]
[www.growoyun.com/gizlilik-politikamiz.html]
[www.growoyun.com/iptal-ve-iade-kosullari.html]
[www.growoyun.com/urun-alis-satis-sozlesmesi.html]
[www.growoyun.com/musteri-hizmetleri.html]
[www.growoyun.com/sikca-sorulan-sorular.html]
[www.growoyun.com/register.html]
[cdn.playanka.com/hvsxxiey/Media/Uploaded/3.png]
[www.growoyun.com/cdn-cgi/l/email-protection.html]
[cdn.playanka.com/hvsxxiey/Media/Uploaded/navigasyon.png]
[cdn.playanka.com/hvsxxiey/Media/Uploaded/saat(1).png]
[cdn.playanka.com/hvsxxiey/Media/Uploaded/4.png]
[www.growoyun.com/themes/growoyun/content/images/footer-banks.svg]
[www.growoyun.com/register7a6c.html]
[www.growoyun.com/themes/growoyun/content/images/icon-cart.png]
[www.growoyun.com/index.html]
[www.growoyun.com/cdn-cgi/scripts/5c5dd728/cloudflare-static/email-decode.min.js]
[www.growoyun.com/assets/font-awesome/fonts/fontawesome-webfont3e6e.eot]
[www.growoyun.com/assets/font-awesome/fonts/fontawesome-webfontd41d.eot]
[www.growoyun.com/assets/font-awesome/fonts/fontawesome-webfont3e6e.woff2]
[www.growoyun.com/assets/font-awesome/fonts/fontawesome-webfont3e6e.woff]
[www.growoyun.com/assets/font-awesome/fonts/fontawesome-webfont3e6e.ttf]
[www.growoyun.com/assets/font-awesome/fonts/fontawesome-webfont3e6e.svg]
[www.growoyun.com/assets/notific8/dist/fonts/notific8.eot]
[www.growoyun.com/assets/notific8/dist/fonts/notific8d41d.eot]
[www.growoyun.com/assets/notific8/dist/fonts/notific8.woff]
[www.growoyun.com/assets/notific8/dist/fonts/notific8.ttf]
[www.growoyun.com/assets/notific8/dist/fonts/notific8.svg]
[www.growoyun.com/assets/intl-tel-input/build/img/flags.png]
[www.growoyun.com/assets/intl-tel-input/build/img/flags@2x.png]
[www.growoyun.com/assets/slick-carousel/slick/ajax-loader.gif]
[www.growoyun.com/assets/slick-carousel/slick/fonts/slick.eot]
[www.growoyun.com/assets/slick-carousel/slick/fonts/slickd41d.eot]
[www.growoyun.com/assets/slick-carousel/slick/fonts/slick.woff]
[www.growoyun.com/assets/slick-carousel/slick/fonts/slick.ttf]
[www.growoyun.com/assets/slick-carousel/slick/fonts/slick.svg]
[www.growoyun.com/assets/lightslider/dist/img/controls.png]
[www.growoyun.com/assets/bootstrap/dist/fonts/glyphicons-halflings-regular.eot]
[www.growoyun.com/assets/bootstrap/dist/fonts/glyphicons-halflings-regulard41d.eot]
[www.growoyun.com/assets/bootstrap/dist/fonts/glyphicons-halflings-regular.woff2]
[www.growoyun.com/assets/bootstrap/dist/fonts/glyphicons-halflings-regular.woff]
[www.growoyun.com/assets/bootstrap/dist/fonts/glyphicons-halflings-regular.ttf]
[www.growoyun.com/Assets/public.mindee2.css]
[www.growoyun.com/assets/bootstrap/dist/fonts/glyphicons-halflings-regular.svg]
[www.growoyun.com/themes/Growoyun/content/images/profilebg.jpg]
[www.growoyun.com/themes/Growoyun/content/images/teslimat.png]
[www.growoyun.com/themes/Growoyun/content/images/time.png]
[www.growoyun.com/themes/Growoyun/content/images/aciklama.png]
[www.growoyun.com/themes/Growoyun/content/images/ozellikler.png]
[www.growoyun.com/themes/Growoyun/content/images/positive-ico.png]
[www.growoyun.com/themes/Growoyun/content/images/negative-ico.png]
[www.growoyun.com/themes/Growoyun/content/images/donate/wallet.svg]
[www.growoyun.com/Themes/Growoyun/Assets/Growoyun.min473c.css]
[cdnjs.cloudflare.com/ajax/libs/animate.css/3.7.0/animate.min.css]
[cdnjs.cloudflare.com/ajax/libs/font-awesome/5.15.1/css/all.min.css]
[cdnjs.cloudflare.com/ajax/libs/font-awesome/5.15.1/css/v4-shims.min.css]
[cdnjs.cloudflare.com/ajax/libs/owl-carousel/1.3.3/grabbing.png]
[cdnjs.cloudflare.com/ajax/libs/owl-carousel/1.3.3/owl.carousel.css]
[cdnjs.cloudflare.com/ajax/libs/owl-carousel/1.3.3/AjaxLoader.gif]
[cdnjs.cloudflare.com/ajax/libs/owl-carousel/1.3.3/owl.theme.css]
[www.growoyun.com/themes/growoyun/content/images/icon-user.svg]
[www.growoyun.com/themes/growoyun/content/images/icon-cart.svg]
[www.growoyun.com/registerfca9.html]
[maxcdn.bootstrapcdn.com/font-awesome/4.3.0/css/font-awesome.min.css]
[www.growoyun.com/games.html]
[www.growoyun.com/ozel-firsatlar.html]
[www.growoyun.com/ilanlar.html]
[www.growoyun.com/steam.html]
[www.growoyun.com/growtopia.html]
[www.growoyun.com/razer-gold.html]
[cdn.playanka.com/hvsxxiey/Media/Images/Originals/0003862_0.png]
[www.growoyun.com/pubg-mobile.html]
[static-cdn.jtvnw.net/ttv-boxart/VALORANT-380x500.jpg]
[cdn.playanka.com/hvsxxiey/Media/Images/Originals/0003859_0.png]
[cdn.playanka.com/hvsxxiey/Media/Images/Originals/0003860_0.png]
[cdn.playanka.com/hvsxxiey/Media/Images/Originals/0003861_0.png]
[www.growoyun.com/valorant.html]
[cdn.playanka.com/hvsxxiey/Media/Images/Originals/0003852_0.png]
[cdn.playanka.com/hvsxxiey/Media/Images/Originals/0003855_0.png]
[cdn.playanka.com/hvsxxiey/Media/Images/Originals/0003856_0.png]
[cdn.playanka.com/hvsxxiey/Media/Images/Originals/0003858_0.png]
[www.growoyun.com/league-of-legends.html]
[static-cdn.jtvnw.net/ttv-boxart/Mobile Legends_ Bang Bang-380x500.jpg]
[www.growoyun.com/mobile-legends.html]
[cdn.akamai.steamstatic.com/steam/apps/714210/ss_6c66b84502c6208a38ec10a414198c46640a893b.1920x10805762.jpg]
[cdn.akamai.steamstatic.com/steam/apps/714210/ss_8e53266e0333aa18f76479d8949317001ce1d593.1920x10805762.jpg]
[cdn.akamai.steamstatic.com/steam/apps/714210/ss_7b2b8c7f70881f5b65c1b724654e7cdb76be9f8b.1920x10805762.jpg]
[cdn.akamai.steamstatic.com/steam/apps/714210/ss_275779c646bf7e6b994b686c160560a7dde01aaa.1920x10805762.jpg]
[cdn.akamai.steamstatic.com/steam/apps/714210/ss_5cbbe96996b89cc454e0f8a99ea851fb3a7c9fed.1920x10805762.jpg]
[cdn.akamai.steamstatic.com/steam/apps/714210/ss_553afe07844e04332e16f7b777c4bcfec3417ed8.1920x10805762.jpg]
[cdn.akamai.steamstatic.com/steam/apps/714210/ss_a2d5a4c24001600a683397d71c5a6b21cd39920a.1920x10805762.jpg]
[cdn.akamai.steamstatic.com/steam/apps/714210/ss_d8dcd16bfccf75767adb13c1821077a936a25446.1920x10805762.jpg]
[cdn.akamai.steamstatic.com/steam/apps/714210/header5762.jpg]
[www.growoyun.com/_/w/skins/Vector/resources/common/images/bullet-icon.11a514d.delayed]
[www.growoyun.com/zulaoyun.html]
[cdn.akamai.steamstatic.com/steam/apps/550900/ss_5d9f0db2b2103492fc6c2f498e1ecf77628a8064.1920x10806860.jpg]
[cdn.akamai.steamstatic.com/steam/apps/550900/ss_495818d5f969b937be230279fa4f1aa480570b19.1920x10806860.jpg]
[cdn.akamai.steamstatic.com/steam/apps/550900/ss_bc99974644e9e23f195b010296719b93ad49ac99.1920x10806860.jpg]
[cdn.akamai.steamstatic.com/steam/apps/550900/ss_2a5a356c512293bda9009f8d20da8dbfd95d067c.1920x10806860.jpg]
[cdn.akamai.steamstatic.com/steam/apps/550900/ss_31366e5c69a7ef5034ddfca84cb60e0c84e1d5c5.1920x10806860.jpg]
[www.growoyun.com/metin-2-2.html]
[cdn.akamai.steamstatic.com/steam/apps/389430/ss_19904abd7f99b53c321014e1baa45c2252e3cee4.1920x10804ad0.jpg]
[cdn.akamai.steamstatic.com/steam/apps/389430/ss_ca1842ebfb1eb2287497e9c64b7e170e66b5bf72.1920x10804ad0.jpg]
[cdn.akamai.steamstatic.com/steam/apps/389430/ss_dd53d89b9db7da4aa3b0fb0fef914e6802f39d4f.1920x10804ad0.jpg]
[cdn.akamai.steamstatic.com/steam/apps/389430/ss_85ec967002fabbac4450dfc6e13aaf592302ceec.1920x10804ad0.jpg]
[cdn.akamai.steamstatic.com/steam/apps/389430/ss_d5e20cfb61efed63164af80fe15011083804f29f.1920x10804ad0.jpg]
[cdn.akamai.steamstatic.com/steam/apps/389430/ss_62dba4a2d687a212d13a2361ea3974df85f21c37.1920x10804ad0.jpg]
[cdn.akamai.steamstatic.com/steam/apps/389430/ss_a7722d452db9b24d1571cde7d8258c0298de391d.1920x10804ad0.jpg]
[cdn.akamai.steamstatic.com/steam/apps/389430/ss_cb339e1e523c5a946d9cd3d5b1048d0de7e03155.1920x10804ad0.jpg]
[cdn.akamai.steamstatic.com/steam/apps/389430/header4ad0.jpg]
[www.growoyun.com/knight-online.html]
[www.growoyun.com/abonelik-hesaplar.html]
[www.growoyun.com/google-play.html]
[cdn.playanka.com/hvsxxiey/Media/Images/Originals/0003912_0.png]
[cdn.playanka.com/hvsxxiey/Media/Images/Originals/0003913_0.png]
[cdn.playanka.com/hvsxxiey/Media/Images/Originals/0003914_0.png]
[www.growoyun.com/legends-of-runeterra.html]
[www.growoyun.com/point-blank.html]
[www.growoyun.com/woltfteam.html]
[cdn.akamai.steamstatic.com/steam/apps/1172470/ss_64c6f00740a076e7b5a8e17a67b516c8ab9ff3d6.1920x108001fc.jpg]
[cdn.akamai.steamstatic.com/steam/apps/1172470/ss_66ff6390d83440a23f5fb1614c6073f513fd11d1.1920x108001fc.jpg]
[cdn.akamai.steamstatic.com/steam/apps/1172470/ss_f8bdccdfa90600c9f20db22262ae141c05c46e37.1920x108001fc.jpg]
[cdn.akamai.steamstatic.com/steam/apps/1172470/ss_1fa553a8325b03d991453244fdcb46b77c860305.1920x108001fc.jpg]
[cdn.akamai.steamstatic.com/steam/apps/1172470/ss_b556daa4f6645d65b28a8d751511c07ddb540dd0.1920x108001fc.jpg]
[cdn.akamai.steamstatic.com/steam/apps/1172470/ss_78b2fc529005976f4423ea86aad7ead615a0cec1.1920x108001fc.jpg]
[cdn.akamai.steamstatic.com/steam/apps/1172470/ss_e186801767fff6b6a89ba238960460e8080ceda2.1920x108001fc.jpg]
[cdn.akamai.steamstatic.com/steam/apps/1172470/ss_e87c1af335b50029c7a6ea49ea40c096dca9d33f.1920x108001fc.jpg]
[cdn.akamai.steamstatic.com/steam/apps/1172470/header01fc.jpg]
[www.growoyun.com/apex-legends.html]
[www.growoyun.com/diamond-lock.html]
[www.growoyun.com/growtopia-hesap.html]
[www.growoyun.com/growtopia-itemler.html]
[www.growoyun.com/growtopia-world-lock.html]
[www.growoyun.com/growtopia-growturk.html]
[www.growoyun.com/growturk-yetki.html]
[www.growoyun.com/growturk-itemler.html]
[www.growoyun.com/steam-steam-tl-cuzdan-kodu.html]
[www.growoyun.com/steam-random-key-2.html]
[www.growoyun.com/themes/default/content/images/donate/donate-premium.png]
[www.growoyun.com/destekle.html]
[www.growoyun.com/payment-methods.html]
[www.growoyun.com/oyun-hesaplari-steam-random-hesap.html]
[www.growoyun.com/oyun-hesaplari.html]
[www.growoyun.com/oyun-hesaplari-discord-nitro.html]
[www.growoyun.com/oyun-hesaplari-minecraft-premium-hesap.html]
[www.growoyun.com/oyun-hesaplari-valorant-random-hesaplari.html]
[www.growoyun.com/themes/growoyun/content/images/icon-game-2.svg]
[www.growoyun.com/themes/growoyun/content/images/icon-site-arrow.svg]
[www.growoyun.com/themes/growoyun/content/images/showcase-shopping-cart.svg]
[www.growoyun.com/themes/growoyun/content/images/icon-blog.svg]
[www.growoyun.com/haberler.html]
[www.growoyun.com/oyun-hesaplari-origin-random-hesap.html]
[cdn.discordapp.com/attachments/897897567059320852/901825049726713926/unknown.png]
[cdn.discordapp.com/attachments/897897567059320852/901826037569167370/unknown.png]
[cdn.discordapp.com/attachments/877294625667317760/901831380084871168/unknown.png]
[cdn.discordapp.com/attachments/877294625667317760/901832428283387954/unknown.png]
[www.growoyun.com/tag/growtopia.html]
[www.growoyun.com/tag/growtopia-dl-satin-al.html]
[www.growoyun.com/tag/growtopia-dl.html]
[www.growoyun.com/tag/diamond-lock.html]
[www.growoyun.com/tag/diamond-lock-satin-al.html]
[www.growoyun.com/growtopia-diamond-lock-satin-alma.html]
[cdn.discordapp.com/attachments/829033158480625695/862371507200327720/unknown_kopya.png]
[www.growoyun.com/tag/growoyun.html]
[www.growoyun.com/tag/growoyun-ilan-vermek.html]
[www.growoyun.com/tag/growoyun-ilan-nasil-verilir.html]
[www.growoyun.com/tag/ilan-nasil-verilir.html]
[www.growoyun.com/growoyunda-ilan-vermek.html]
[www.growoyun.com/tag/valorant-skin-iade-etme.html]
[www.growoyun.com/tag/valorant-iade.html]
[www.growoyun.com/tag/valorant-skin-iadesi.html]
[www.growoyun.com/valorant-alinan-silah-skini-iadesi-nasil-yapilir.html]
[www.growoyun.com/tag/valorant-skin-nasil-iade-edilir.html]
[www.growoyun.com/{{ item.image.url }}]
[www.growoyun.com/cart.html]
[connect.facebook.net/tr_TR/sdk.js]
[cdn.playanka.com/hvsxxiey/Media/Uploaded/oyun/hakkımızda.png]
[www.growoyun.com/tag/hakkimizda.html]
[www.growoyun.com/tag/online-oyun.html]
[www.growoyun.com/hakkimizda.html]
[cdn.playanka.com/hvsxxiey/Media/Uploaded/oyun/kariyerrr.png]
[www.growoyun.com/tag/growoyun-kariyer.html]
[www.growoyun.com/tag/kariyer.html]
[www.growoyun.com/tag/growoyunda-kariyer.html]
[www.growoyun.com/kariyer.html]
[www.growoyun.com/iletisim.html]
[www.growoyun.com/tag/growoyunda-calismak.html]
[www.growoyun.com/registerffc9.html]
[www.growoyun.com/satis-sozlesmesi.html]
[www.growoyun.com/tag/growoyun-satis-sozlesmesi.html]
[www.growoyun.com/kisisel-veriler-politikasi.html]
[www.growoyun.com/gizlilik-politikamiz.html]
[www.growoyun.com/iptal-ve-iade-kosullari.html]
[www.growoyun.com/urun-alis-satis-sozlesmesi.html]
[www.growoyun.com/tag/growoyun-kisisel-veriler-politikasi.html]
[cdn.playanka.com/hvsxxiey/Media/Uploaded/oyun/müşteri hizmetleri.png]
[www.growoyun.com/tag/growoyun-musteri-hizmetleri.html]
[www.growoyun.com/musteri-hizmetleri.html]
[www.growoyun.com/tag/musteri-hizmetleri.html]
[cdn.playanka.com/hvsxxiey/Media/Uploaded/oyun/sss.png]
[www.growoyun.com/sikca-sorulan-sorular.html]
[www.growoyun.com/register.html]
[www.growoyun.com/cdn-cgi/l/email-protection.html]
[www.growoyun.com/themes/growoyun/content/images/footer-banks.svg]
[www.growoyun.com/register7a6c.html]
[www.growoyun.com/assets/font-awesome/fonts/fontawesome-webfont3e6e.svg]
[www.growoyun.com/assets/notific8/dist/fonts/notific8.svg]
[www.growoyun.com/assets/slick-carousel/slick/fonts/slick.svg]
[www.growoyun.com/assets/bootstrap/dist/fonts/glyphicons-halflings-regular.svg]
[www.growoyun.com/themes/Growoyun/content/images/profilebg.html]
[www.growoyun.com/themes/Growoyun/content/images/teslimat.html]
[www.growoyun.com/themes/Growoyun/content/images/time.html]
[www.growoyun.com/themes/Growoyun/content/images/aciklama.html]
[www.growoyun.com/themes/Growoyun/content/images/ozellikler.html]
[www.growoyun.com/themes/Growoyun/content/images/positive-ico.html]
[www.growoyun.com/themes/Growoyun/content/images/negative-ico.html]
[www.growoyun.com/themes/Growoyun/content/images/donate/wallet.html]
[www.growoyun.com/_/w/skins/Vector/resources/common/images/bullet-icon514d.html]
[www.growoyun.com/oyun-hesaplari-steam-random-hesap.html]
[www.growoyun.com/oyun-hesaplari-origin-random-hesap.html]
[www.growoyun.com/tag/growtopia.html]
[www.growoyun.com/tag/growtopia-dl-satin-al.html]
[www.growoyun.com/tag/growtopia-dl.html]
[www.growoyun.com/tag/diamond-lock.html]
[www.growoyun.com/tag/diamond-lock-satin-al.html]
[www.growoyun.com/tag/growoyun.html]
[www.growoyun.com/tag/growoyun-ilan-vermek.html]
[www.growoyun.com/tag/growoyun-ilan-nasil-verilir.html]
[www.growoyun.com/tag/ilan-nasil-verilir.html]
[www.growoyun.com/tag/valorant-skin-iade-etme.html]
[www.growoyun.com/tag/valorant-iade.html]
[www.growoyun.com/tag/valorant-skin-iadesi.html]
[www.growoyun.com/tag/valorant-skin-nasil-iade-edilir.html]
[www.growoyun.com/{{ item.image.html]
[www.growoyun.com/tag/hakkimizda.html]
[www.growoyun.com/tag/online-oyun.html]
[www.growoyun.com/tag/growoyun-kariyer.html]
[www.growoyun.com/tag/kariyer.html]
[www.growoyun.com/tag/growoyunda-kariyer.html]
[www.growoyun.com/tag/growoyunda-calismak.html]
[www.growoyun.com/tag/growoyun-satis-sozlesmesi.html]
[www.growoyun.com/tag/growoyun-kisisel-veriler-politikasi.html]
[www.growoyun.com/tag/growoyun-musteri-hizmetleri.html]
[www.growoyun.com/tag/musteri-hizmetleri.html]
